	ENTRY
	DECLARE _s4
	DECLARE _s3
	DECLARE _s2
	DECLARE _s1
	DECLARE _s0
	DECLARE flag
	DECLARE y
	DECLARE z
	DECLARE variable
	CALL PRINT $str1
	CALL READ flag
	IF cond0 then0 else0 endif0
cond0: 	EQ _t0 flag 1
	TEST _t0
then0: 	MOV variable 0
	ADD _s2 1 2
	MOV _s1 _s2
	CALL PRINT $str2
	ENDTHEN
else0: 	IF cond1 then1 else1 endif1
cond1: 	EQ _t18 flag 2
	TEST _t18
then1: 	MOV variable 9
	ADD _s3 1 2
	MOV _s2 _s3
	MOV _s1 _s2
	CALL PRINT $str3
	ENDTHEN
else1: 	ADD _s4 1 2
	MOV _s2 _s4
	MOV _s1 _s2
	CALL PRINT $str4
	ENDELSE
endif1: 	ENDIF
	ENDELSE
endif0: 	ENDIF
	MOV _t53 _s1
	ADD _t54 _t53 3
	ADD _t55 _t54 4
	ADD _t56 _t55 5
	ADD _t57 _t56 6
	ADD _t58 _t57 7
	ADD _t59 _t58 8
	ADD _t60 _t59 variable
	MOV _t61 _s2
	ADD _t62 _t61 3
	ADD _t63 _t62 4
	ADD _t64 _t63 5
	ADD _t65 _t64 6
	ADD _t66 _t65 7
	ADD _t67 _t66 8
	ADD _t68 _t67 variable
	MUL _t69 _t60 _t68
	MOV z _t69
	CALL PRINT z