	ENTRY
	DECLARE INT _s2
	DECLARE INT _s1
	DECLARE INT _s0
	DECLARE INT a
	DECLARE INT b
	DECLARE INT c
	DECLARE INT d
	DECLARE INT y
	DECLARE INT z
	MOV y 20
	MOV z 25
	MUL _s2 y z
	MOV _s1 _s2
	MOV _s0 _s1
	MOV _t0 _s0
	MOV a _t0
	MOV _t1 _s0
	MOV b _t1
	MOV _t2 _s1
	MOV c _t2
	MOV _t3 _s2
	MOV d _t3
	CALL PRINT $str1
	CALL PRINT a
	CALL PRINT $str2
	CALL PRINT b
	CALL PRINT $str3
	CALL PRINT c
	CALL PRINT $str4
	CALL PRINT d