	ENTRY
	DECLARE a
	DECLARE b
	DECLARE c
	DECLARE x
	DECLARE y
	DECLARE z
	MOV z 3
	CALL PRINT $str1
	CALL PRINT z