	ENTRY
	DECLARE a
	DECLARE i
	DECLARE j
	DECLARE k
	CALL PRINT $str1