	ENTRY
	DECLARE INT sum
	DECLARE INT a
	CALL PRINT $str1
	MOV sum 0
	LOOP body0 endloop0
body0: 	CALL PRINT $str2
	CALL READ a
	IF cond0 then0 else0 endif0
cond0: 	EQ _t0 a 0
	TEST _t0
then0: 	EXIT
	ENDTHEN
else0: 	ADD _t1 sum a
	MOV sum _t1
	ENDELSE
endif0: 	ENDIF
	ENDBODY
endloop0: 	ENDLOOP
	CALL PRINT $str3
	CALL PRINT sum