(program (mainProgram (programStmt program factorial) (mainRange (body (implicitStmt implicit none) (typeDeclarationStmt integer :: (entityDeclList num , i , factorial_res)) (printStmt print * , "Enter a positive integer:") (readStmt read * (commaInputItemList , num)) (ifConstruct (ifThenStmt if ( (level4Expr num < 0) ) then) (printStmt print * , "Factorial is not defined for negative numbers.") (elseConstruct else (conditionalBody (assignmentStmt factorial_res = 1) (assignmentStmt i = 1) (blockDoConstruct do (assignmentStmt factorial_res = (addOperand factorial_res * i)) (assignmentStmt i = (level2Expr i + 1)) (ifConstruct (ifThenStmt if ( (level4Expr i > num) ) then) exit endif) (endDoStmt end do)) (printStmt print * , (outputItemList1 (outputItemList1 (outputItemList1 "The factorial of " , num) , " is: ") , factorial_res)))) (endIfStmt end if))) (endProgramStmt end program factorial))) <EOF>)