(program (mainProgram (programStmt program summation) (mainRange (body (implicitStmt implicit none) (typeDeclarationStmt integer :: (entityDeclList sum , a)) (printStmt print * , "This program performs summations. Enter 0 to stop.") (assignmentStmt sum = 0) (blockDoConstruct do (printStmt print * , "Add:") (readStmt read * (commaInputItemList , a)) (ifConstruct (ifThenStmt if ( (level4Expr a == 0) ) then) exit (elseConstruct else (assignmentStmt sum = (level2Expr sum + a))) (endIfStmt end if)) (endDoStmt end do)) (printStmt print * , (outputItemList1 "Summation =" , sum))) (endProgramStmt end program summation))) <EOF>)