(program (mainProgram (programStmt program triangular) (mainRange (body (implicitStmt implicit none) (typeDeclarationStmt integer :: (entityDeclList res , q)) (printStmt print * , "What's the triangular number of?") (readStmt read * (commaInputItemList , q)) (assignmentStmt res = 0) (blockDoConstruct do (ifConstruct (ifThenStmt if ( (level4Expr q == 0) ) then) exit endif) (assignmentStmt res = (level2Expr res + q)) (assignmentStmt q = (level2Expr q - 1)) enddo) (printStmt print * , (outputItemList1 (outputItemList1 (outputItemList1 "TADA here is triangular number of " , q) , "=") , res))) end)) <EOF>)